#-----------------------------------------------------------
# Vivado v2024.1 (64-bit)
# SW Build 5076996 on Wed May 22 18:37:14 MDT 2024
# IP Build 5075265 on Wed May 22 21:45:21 MDT 2024
# SharedData Build 5076995 on Wed May 22 18:29:18 MDT 2024
# Start of session at: Sun Dec 28 13:13:16 2025
# Process ID: 25540
# Current directory: C:/Users/mahim/4_bit_ripple_IP/4_bit_ripple_IP.runs/design_1_fa_0_1_synth_1
# Command line: vivado.exe -log design_1_fa_0_1.vds -product Vivado -mode batch -messageDb vivado.pb -notrace -source design_1_fa_0_1.tcl
# Log file: C:/Users/mahim/4_bit_ripple_IP/4_bit_ripple_IP.runs/design_1_fa_0_1_synth_1/design_1_fa_0_1.vds
# Journal file: C:/Users/mahim/4_bit_ripple_IP/4_bit_ripple_IP.runs/design_1_fa_0_1_synth_1\vivado.jou
# Running On        :Lenovo
# Platform          :Windows Server 2016 or Windows 10
# Operating System  :26100
# Processor Detail  :AMD Ryzen 7 7730U with Radeon Graphics         
# CPU Frequency     :1996 MHz
# CPU Physical cores:8
# CPU Logical cores :16
# Host memory       :14861 MB
# Swap memory       :5251 MB
# Total Virtual     :20113 MB
# Available Virtual :913 MB
#-----------------------------------------------------------
source design_1_fa_0_1.tcl -notrace
