#-----------------------------------------------------------
# Vivado v2024.1 (64-bit)
# SW Build 5076996 on Wed May 22 18:37:14 MDT 2024
# IP Build 5075265 on Wed May 22 21:45:21 MDT 2024
# SharedData Build 5076995 on Wed May 22 18:29:18 MDT 2024
# Start of session at: Sat Jan 10 21:14:27 2026
# Process ID: 24124
# Current directory: C:/Users/mahim/ILA/ILA.runs/impl_1
# Command line: vivado.exe -log counter.vdi -applog -product Vivado -messageDb vivado.pb -mode batch -source counter.tcl -notrace
# Log file: C:/Users/mahim/ILA/ILA.runs/impl_1/counter.vdi
# Journal file: C:/Users/mahim/ILA/ILA.runs/impl_1\vivado.jou
# Running On        :Lenovo
# Platform          :Windows Server 2016 or Windows 10
# Operating System  :26100
# Processor Detail  :AMD Ryzen 7 7730U with Radeon Graphics         
# CPU Frequency     :1996 MHz
# CPU Physical cores:8
# CPU Logical cores :16
# Host memory       :14861 MB
# Swap memory       :3892 MB
# Total Virtual     :18754 MB
# Available Virtual :4330 MB
#-----------------------------------------------------------
source counter.tcl -notrace
